// Vitest Snapshot v1, https://vitest.dev/guide/snapshot.html

exports[`renders simple component 1`] = `
<div>
  <div>
    Hello World
  </div>
  
</div>
`;
